// Jest Snapshot v1, https://goo.gl/fbAQLP

exports[`should render Expense dashboard page 1`] = `
<div>
  Dashboard page content
</div>
`;
